Archive member included to satisfy reference by file (symbol)

c:/st/stm32cubeide_1.12.1/stm32cubeide/plugins/com.st.stm32cube.ide.mcu.externaltools.gnu-tools-for-stm32.10.3-2021.10.win32_1.0.200.202301161003/tools/bin/../lib/gcc/arm-none-eabi/10.3.1/../../../../arm-none-eabi/lib/thumb/v7-m/nofp\libc_nano.a(lib_a-errno.o)
                              ./Src/syscalls.o (__errno)
c:/st/stm32cubeide_1.12.1/stm32cubeide/plugins/com.st.stm32cube.ide.mcu.externaltools.gnu-tools-for-stm32.10.3-2021.10.win32_1.0.200.202301161003/tools/bin/../lib/gcc/arm-none-eabi/10.3.1/../../../../arm-none-eabi/lib/thumb/v7-m/nofp\libc_nano.a(lib_a-exit.o)
                              c:/st/stm32cubeide_1.12.1/stm32cubeide/plugins/com.st.stm32cube.ide.mcu.externaltools.gnu-tools-for-stm32.10.3-2021.10.win32_1.0.200.202301161003/tools/bin/../lib/gcc/arm-none-eabi/10.3.1/../../../../arm-none-eabi/lib/thumb/v7-m/nofp/crt0.o (exit)
c:/st/stm32cubeide_1.12.1/stm32cubeide/plugins/com.st.stm32cube.ide.mcu.externaltools.gnu-tools-for-stm32.10.3-2021.10.win32_1.0.200.202301161003/tools/bin/../lib/gcc/arm-none-eabi/10.3.1/../../../../arm-none-eabi/lib/thumb/v7-m/nofp\libc_nano.a(lib_a-impure.o)
                              c:/st/stm32cubeide_1.12.1/stm32cubeide/plugins/com.st.stm32cube.ide.mcu.externaltools.gnu-tools-for-stm32.10.3-2021.10.win32_1.0.200.202301161003/tools/bin/../lib/gcc/arm-none-eabi/10.3.1/../../../../arm-none-eabi/lib/thumb/v7-m/nofp\libc_nano.a(lib_a-exit.o) (_global_impure_ptr)
c:/st/stm32cubeide_1.12.1/stm32cubeide/plugins/com.st.stm32cube.ide.mcu.externaltools.gnu-tools-for-stm32.10.3-2021.10.win32_1.0.200.202301161003/tools/bin/../lib/gcc/arm-none-eabi/10.3.1/../../../../arm-none-eabi/lib/thumb/v7-m/nofp\libc_nano.a(lib_a-init.o)
                              c:/st/stm32cubeide_1.12.1/stm32cubeide/plugins/com.st.stm32cube.ide.mcu.externaltools.gnu-tools-for-stm32.10.3-2021.10.win32_1.0.200.202301161003/tools/bin/../lib/gcc/arm-none-eabi/10.3.1/../../../../arm-none-eabi/lib/thumb/v7-m/nofp/crt0.o (__libc_init_array)
c:/st/stm32cubeide_1.12.1/stm32cubeide/plugins/com.st.stm32cube.ide.mcu.externaltools.gnu-tools-for-stm32.10.3-2021.10.win32_1.0.200.202301161003/tools/bin/../lib/gcc/arm-none-eabi/10.3.1/../../../../arm-none-eabi/lib/thumb/v7-m/nofp\libc_nano.a(lib_a-memset.o)
                              c:/st/stm32cubeide_1.12.1/stm32cubeide/plugins/com.st.stm32cube.ide.mcu.externaltools.gnu-tools-for-stm32.10.3-2021.10.win32_1.0.200.202301161003/tools/bin/../lib/gcc/arm-none-eabi/10.3.1/../../../../arm-none-eabi/lib/thumb/v7-m/nofp/crt0.o (memset)

Discarded input sections

 .text          0x0000000000000000        0x0 c:/st/stm32cubeide_1.12.1/stm32cubeide/plugins/com.st.stm32cube.ide.mcu.externaltools.gnu-tools-for-stm32.10.3-2021.10.win32_1.0.200.202301161003/tools/bin/../lib/gcc/arm-none-eabi/10.3.1/thumb/v7-m/nofp/crti.o
 .data          0x0000000000000000        0x0 c:/st/stm32cubeide_1.12.1/stm32cubeide/plugins/com.st.stm32cube.ide.mcu.externaltools.gnu-tools-for-stm32.10.3-2021.10.win32_1.0.200.202301161003/tools/bin/../lib/gcc/arm-none-eabi/10.3.1/thumb/v7-m/nofp/crti.o
 .bss           0x0000000000000000        0x0 c:/st/stm32cubeide_1.12.1/stm32cubeide/plugins/com.st.stm32cube.ide.mcu.externaltools.gnu-tools-for-stm32.10.3-2021.10.win32_1.0.200.202301161003/tools/bin/../lib/gcc/arm-none-eabi/10.3.1/thumb/v7-m/nofp/crti.o
 .data          0x0000000000000000        0x4 c:/st/stm32cubeide_1.12.1/stm32cubeide/plugins/com.st.stm32cube.ide.mcu.externaltools.gnu-tools-for-stm32.10.3-2021.10.win32_1.0.200.202301161003/tools/bin/../lib/gcc/arm-none-eabi/10.3.1/thumb/v7-m/nofp/crtbegin.o
 .rodata        0x0000000000000000       0x24 c:/st/stm32cubeide_1.12.1/stm32cubeide/plugins/com.st.stm32cube.ide.mcu.externaltools.gnu-tools-for-stm32.10.3-2021.10.win32_1.0.200.202301161003/tools/bin/../lib/gcc/arm-none-eabi/10.3.1/thumb/v7-m/nofp/crtbegin.o
 .text          0x0000000000000000       0x7c c:/st/stm32cubeide_1.12.1/stm32cubeide/plugins/com.st.stm32cube.ide.mcu.externaltools.gnu-tools-for-stm32.10.3-2021.10.win32_1.0.200.202301161003/tools/bin/../lib/gcc/arm-none-eabi/10.3.1/../../../../arm-none-eabi/lib/thumb/v7-m/nofp/crt0.o
 .data          0x0000000000000000        0x0 c:/st/stm32cubeide_1.12.1/stm32cubeide/plugins/com.st.stm32cube.ide.mcu.externaltools.gnu-tools-for-stm32.10.3-2021.10.win32_1.0.200.202301161003/tools/bin/../lib/gcc/arm-none-eabi/10.3.1/../../../../arm-none-eabi/lib/thumb/v7-m/nofp/crt0.o
 .bss           0x0000000000000000        0x0 c:/st/stm32cubeide_1.12.1/stm32cubeide/plugins/com.st.stm32cube.ide.mcu.externaltools.gnu-tools-for-stm32.10.3-2021.10.win32_1.0.200.202301161003/tools/bin/../lib/gcc/arm-none-eabi/10.3.1/../../../../arm-none-eabi/lib/thumb/v7-m/nofp/crt0.o
 .ARM.extab     0x0000000000000000        0x0 c:/st/stm32cubeide_1.12.1/stm32cubeide/plugins/com.st.stm32cube.ide.mcu.externaltools.gnu-tools-for-stm32.10.3-2021.10.win32_1.0.200.202301161003/tools/bin/../lib/gcc/arm-none-eabi/10.3.1/../../../../arm-none-eabi/lib/thumb/v7-m/nofp/crt0.o
 .ARM.exidx     0x0000000000000000       0x10 c:/st/stm32cubeide_1.12.1/stm32cubeide/plugins/com.st.stm32cube.ide.mcu.externaltools.gnu-tools-for-stm32.10.3-2021.10.win32_1.0.200.202301161003/tools/bin/../lib/gcc/arm-none-eabi/10.3.1/../../../../arm-none-eabi/lib/thumb/v7-m/nofp/crt0.o
 .ARM.attributes
                0x0000000000000000       0x1b c:/st/stm32cubeide_1.12.1/stm32cubeide/plugins/com.st.stm32cube.ide.mcu.externaltools.gnu-tools-for-stm32.10.3-2021.10.win32_1.0.200.202301161003/tools/bin/../lib/gcc/arm-none-eabi/10.3.1/../../../../arm-none-eabi/lib/thumb/v7-m/nofp/crt0.o
 .group         0x0000000000000000        0xc ./Src/010i2c_master_tx_testing.o
 .group         0x0000000000000000        0xc ./Src/010i2c_master_tx_testing.o
 .group         0x0000000000000000        0xc ./Src/010i2c_master_tx_testing.o
 .group         0x0000000000000000        0xc ./Src/010i2c_master_tx_testing.o
 .group         0x0000000000000000        0xc ./Src/010i2c_master_tx_testing.o
 .group         0x0000000000000000        0xc ./Src/010i2c_master_tx_testing.o
 .group         0x0000000000000000        0xc ./Src/010i2c_master_tx_testing.o
 .group         0x0000000000000000        0xc ./Src/010i2c_master_tx_testing.o
 .group         0x0000000000000000        0xc ./Src/010i2c_master_tx_testing.o
 .group         0x0000000000000000        0xc ./Src/010i2c_master_tx_testing.o
 .group         0x0000000000000000        0xc ./Src/010i2c_master_tx_testing.o
 .group         0x0000000000000000        0xc ./Src/010i2c_master_tx_testing.o
 .group         0x0000000000000000        0xc ./Src/010i2c_master_tx_testing.o
 .group         0x0000000000000000        0xc ./Src/010i2c_master_tx_testing.o
 .group         0x0000000000000000        0xc ./Src/010i2c_master_tx_testing.o
 .group         0x0000000000000000        0xc ./Src/010i2c_master_tx_testing.o
 .group         0x0000000000000000        0xc ./Src/010i2c_master_tx_testing.o
 .group         0x0000000000000000        0xc ./Src/010i2c_master_tx_testing.o
 .group         0x0000000000000000        0xc ./Src/010i2c_master_tx_testing.o
 .group         0x0000000000000000        0xc ./Src/010i2c_master_tx_testing.o
 .group         0x0000000000000000        0xc ./Src/010i2c_master_tx_testing.o
 .group         0x0000000000000000        0xc ./Src/010i2c_master_tx_testing.o
 .group         0x0000000000000000        0xc ./Src/010i2c_master_tx_testing.o
 .group         0x0000000000000000        0xc ./Src/010i2c_master_tx_testing.o
 .group         0x0000000000000000        0xc ./Src/010i2c_master_tx_testing.o
 .group         0x0000000000000000        0xc ./Src/010i2c_master_tx_testing.o
 .group         0x0000000000000000        0xc ./Src/010i2c_master_tx_testing.o
 .group         0x0000000000000000        0xc ./Src/010i2c_master_tx_testing.o
 .group         0x0000000000000000        0xc ./Src/010i2c_master_tx_testing.o
 .group         0x0000000000000000        0xc ./Src/010i2c_master_tx_testing.o
 .group         0x0000000000000000        0xc ./Src/010i2c_master_tx_testing.o
 .group         0x0000000000000000        0xc ./Src/010i2c_master_tx_testing.o
 .group         0x0000000000000000        0xc ./Src/010i2c_master_tx_testing.o
 .group         0x0000000000000000        0xc ./Src/010i2c_master_tx_testing.o
 .group         0x0000000000000000        0xc ./Src/010i2c_master_tx_testing.o
 .group         0x0000000000000000        0xc ./Src/010i2c_master_tx_testing.o
 .group         0x0000000000000000        0xc ./Src/010i2c_master_tx_testing.o
 .group         0x0000000000000000        0xc ./Src/010i2c_master_tx_testing.o
 .group         0x0000000000000000        0xc ./Src/010i2c_master_tx_testing.o
 .group         0x0000000000000000        0xc ./Src/010i2c_master_tx_testing.o
 .group         0x0000000000000000        0xc ./Src/010i2c_master_tx_testing.o
 .text          0x0000000000000000        0x0 ./Src/010i2c_master_tx_testing.o
 .data          0x0000000000000000        0x0 ./Src/010i2c_master_tx_testing.o
 .bss           0x0000000000000000        0x0 ./Src/010i2c_master_tx_testing.o
 .data.some_data
                0x0000000000000000        0x1 ./Src/010i2c_master_tx_testing.o
 .bss.rcv_buffer
                0x0000000000000000        0x1 ./Src/010i2c_master_tx_testing.o
 .group         0x0000000000000000        0xc ./Src/syscalls.o
 .group         0x0000000000000000        0xc ./Src/syscalls.o
 .group         0x0000000000000000        0xc ./Src/syscalls.o
 .group         0x0000000000000000        0xc ./Src/syscalls.o
 .group         0x0000000000000000        0xc ./Src/syscalls.o
 .group         0x0000000000000000        0xc ./Src/syscalls.o
 .group         0x0000000000000000        0xc ./Src/syscalls.o
 .group         0x0000000000000000        0xc ./Src/syscalls.o
 .group         0x0000000000000000        0xc ./Src/syscalls.o
 .group         0x0000000000000000        0xc ./Src/syscalls.o
 .group         0x0000000000000000        0xc ./Src/syscalls.o
 .group         0x0000000000000000        0xc ./Src/syscalls.o
 .group         0x0000000000000000        0xc ./Src/syscalls.o
 .group         0x0000000000000000        0xc ./Src/syscalls.o
 .group         0x0000000000000000        0xc ./Src/syscalls.o
 .group         0x0000000000000000        0xc ./Src/syscalls.o
 .group         0x0000000000000000        0xc ./Src/syscalls.o
 .group         0x0000000000000000        0xc ./Src/syscalls.o
 .group         0x0000000000000000        0xc ./Src/syscalls.o
 .group         0x0000000000000000        0xc ./Src/syscalls.o
 .group         0x0000000000000000        0xc ./Src/syscalls.o
 .group         0x0000000000000000        0xc ./Src/syscalls.o
 .group         0x0000000000000000        0xc ./Src/syscalls.o
 .group         0x0000000000000000        0xc ./Src/syscalls.o
 .group         0x0000000000000000        0xc ./Src/syscalls.o
 .group         0x0000000000000000        0xc ./Src/syscalls.o
 .group         0x0000000000000000        0xc ./Src/syscalls.o
 .group         0x0000000000000000        0xc ./Src/syscalls.o
 .group         0x0000000000000000        0xc ./Src/syscalls.o
 .group         0x0000000000000000        0xc ./Src/syscalls.o
 .group         0x0000000000000000        0xc ./Src/syscalls.o
 .group         0x0000000000000000        0xc ./Src/syscalls.o
 .group         0x0000000000000000        0xc ./Src/syscalls.o
 .group         0x0000000000000000        0xc ./Src/syscalls.o
 .group         0x0000000000000000        0xc ./Src/syscalls.o
 .group         0x0000000000000000        0xc ./Src/syscalls.o
 .group         0x0000000000000000        0xc ./Src/syscalls.o
 .group         0x0000000000000000        0xc ./Src/syscalls.o
 .group         0x0000000000000000        0xc ./Src/syscalls.o
 .group         0x0000000000000000        0xc ./Src/syscalls.o
 .group         0x0000000000000000        0xc ./Src/syscalls.o
 .group         0x0000000000000000        0xc ./Src/syscalls.o
 .group         0x0000000000000000        0xc ./Src/syscalls.o
 .group         0x0000000000000000        0xc ./Src/syscalls.o
 .group         0x0000000000000000        0xc ./Src/syscalls.o
 .group         0x0000000000000000        0xc ./Src/syscalls.o
 .group         0x0000000000000000        0xc ./Src/syscalls.o
 .text          0x0000000000000000        0x0 ./Src/syscalls.o
 .data          0x0000000000000000        0x0 ./Src/syscalls.o
 .bss           0x0000000000000000        0x0 ./Src/syscalls.o
 .bss.__env     0x0000000000000000        0x4 ./Src/syscalls.o
 .data.environ  0x0000000000000000        0x4 ./Src/syscalls.o
 .text.initialise_monitor_handles
                0x0000000000000000        0xc ./Src/syscalls.o
 .text._getpid  0x0000000000000000        0xe ./Src/syscalls.o
 .text._kill    0x0000000000000000       0x20 ./Src/syscalls.o
 .text._exit    0x0000000000000000       0x14 ./Src/syscalls.o
 .text._read    0x0000000000000000       0x3a ./Src/syscalls.o
 .text._write   0x0000000000000000       0x38 ./Src/syscalls.o
 .text._close   0x0000000000000000       0x16 ./Src/syscalls.o
 .text._fstat   0x0000000000000000       0x1e ./Src/syscalls.o
 .text._isatty  0x0000000000000000       0x14 ./Src/syscalls.o
 .text._lseek   0x0000000000000000       0x18 ./Src/syscalls.o
 .text._open    0x0000000000000000       0x1a ./Src/syscalls.o
 .text._wait    0x0000000000000000       0x1e ./Src/syscalls.o
 .text._unlink  0x0000000000000000       0x1e ./Src/syscalls.o
 .text._times   0x0000000000000000       0x16 ./Src/syscalls.o
 .text._stat    0x0000000000000000       0x1e ./Src/syscalls.o
 .text._link    0x0000000000000000       0x20 ./Src/syscalls.o
 .text._fork    0x0000000000000000       0x16 ./Src/syscalls.o
 .text._execve  0x0000000000000000       0x22 ./Src/syscalls.o
 .debug_info    0x0000000000000000      0x6e0 ./Src/syscalls.o
 .debug_abbrev  0x0000000000000000      0x1b3 ./Src/syscalls.o
 .debug_aranges
                0x0000000000000000       0xa8 ./Src/syscalls.o
 .debug_ranges  0x0000000000000000       0x98 ./Src/syscalls.o
 .debug_macro   0x0000000000000000      0x24c ./Src/syscalls.o
 .debug_macro   0x0000000000000000      0xa72 ./Src/syscalls.o
 .debug_macro   0x0000000000000000       0x22 ./Src/syscalls.o
 .debug_macro   0x0000000000000000       0x4c ./Src/syscalls.o
 .debug_macro   0x0000000000000000       0x18 ./Src/syscalls.o
 .debug_macro   0x0000000000000000       0x94 ./Src/syscalls.o
 .debug_macro   0x0000000000000000       0x3c ./Src/syscalls.o
 .debug_macro   0x0000000000000000       0x34 ./Src/syscalls.o
 .debug_macro   0x0000000000000000       0x57 ./Src/syscalls.o
 .debug_macro   0x0000000000000000      0x174 ./Src/syscalls.o
 .debug_macro   0x0000000000000000      0x341 ./Src/syscalls.o
 .debug_macro   0x0000000000000000       0x16 ./Src/syscalls.o
 .debug_macro   0x0000000000000000       0x43 ./Src/syscalls.o
 .debug_macro   0x0000000000000000       0x34 ./Src/syscalls.o
 .debug_macro   0x0000000000000000       0x10 ./Src/syscalls.o
 .debug_macro   0x0000000000000000       0x58 ./Src/syscalls.o
 .debug_macro   0x0000000000000000       0x71 ./Src/syscalls.o
 .debug_macro   0x0000000000000000       0x1c ./Src/syscalls.o
 .debug_macro   0x0000000000000000      0x12a ./Src/syscalls.o
 .debug_macro   0x0000000000000000       0x10 ./Src/syscalls.o
 .debug_macro   0x0000000000000000       0x35 ./Src/syscalls.o
 .debug_macro   0x0000000000000000       0x10 ./Src/syscalls.o
 .debug_macro   0x0000000000000000       0x10 ./Src/syscalls.o
 .debug_macro   0x0000000000000000       0x10 ./Src/syscalls.o
 .debug_macro   0x0000000000000000       0x6a ./Src/syscalls.o
 .debug_macro   0x0000000000000000       0x1c ./Src/syscalls.o
 .debug_macro   0x0000000000000000       0x52 ./Src/syscalls.o
 .debug_macro   0x0000000000000000       0x22 ./Src/syscalls.o
 .debug_macro   0x0000000000000000       0x10 ./Src/syscalls.o
 .debug_macro   0x0000000000000000       0x52 ./Src/syscalls.o
 .debug_macro   0x0000000000000000       0xd5 ./Src/syscalls.o
 .debug_macro   0x0000000000000000       0x1c ./Src/syscalls.o
 .debug_macro   0x0000000000000000       0x3d ./Src/syscalls.o
 .debug_macro   0x0000000000000000       0x35 ./Src/syscalls.o
 .debug_macro   0x0000000000000000      0x12c ./Src/syscalls.o
 .debug_macro   0x0000000000000000       0x16 ./Src/syscalls.o
 .debug_macro   0x0000000000000000       0x16 ./Src/syscalls.o
 .debug_macro   0x0000000000000000       0x29 ./Src/syscalls.o
 .debug_macro   0x0000000000000000       0x10 ./Src/syscalls.o
 .debug_macro   0x0000000000000000      0x241 ./Src/syscalls.o
 .debug_macro   0x0000000000000000       0x1c ./Src/syscalls.o
 .debug_macro   0x0000000000000000       0x10 ./Src/syscalls.o
 .debug_macro   0x0000000000000000       0x10 ./Src/syscalls.o
 .debug_macro   0x0000000000000000       0x16 ./Src/syscalls.o
 .debug_macro   0x0000000000000000      0x145 ./Src/syscalls.o
 .debug_macro   0x0000000000000000      0x189 ./Src/syscalls.o
 .debug_macro   0x0000000000000000       0x16 ./Src/syscalls.o
 .debug_macro   0x0000000000000000       0xce ./Src/syscalls.o
 .debug_line    0x0000000000000000      0x7f9 ./Src/syscalls.o
 .debug_str     0x0000000000000000     0x8a42 ./Src/syscalls.o
 .comment       0x0000000000000000       0x51 ./Src/syscalls.o
 .debug_frame   0x0000000000000000      0x2ac ./Src/syscalls.o
 .ARM.attributes
                0x0000000000000000       0x2d ./Src/syscalls.o
 .group         0x0000000000000000        0xc ./Src/sysmem.o
 .group         0x0000000000000000        0xc ./Src/sysmem.o
 .group         0x0000000000000000        0xc ./Src/sysmem.o
 .group         0x0000000000000000        0xc ./Src/sysmem.o
 .group         0x0000000000000000        0xc ./Src/sysmem.o
 .group         0x0000000000000000        0xc ./Src/sysmem.o
 .group         0x0000000000000000        0xc ./Src/sysmem.o
 .group         0x0000000000000000        0xc ./Src/sysmem.o
 .group         0x0000000000000000        0xc ./Src/sysmem.o
 .group         0x0000000000000000        0xc ./Src/sysmem.o
 .group         0x0000000000000000        0xc ./Src/sysmem.o
 .group         0x0000000000000000        0xc ./Src/sysmem.o
 .group         0x0000000000000000        0xc ./Src/sysmem.o
 .group         0x0000000000000000        0xc ./Src/sysmem.o
 .group         0x0000000000000000        0xc ./Src/sysmem.o
 .group         0x0000000000000000        0xc ./Src/sysmem.o
 .group         0x0000000000000000        0xc ./Src/sysmem.o
 .group         0x0000000000000000        0xc ./Src/sysmem.o
 .group         0x0000000000000000        0xc ./Src/sysmem.o
 .group         0x0000000000000000        0xc ./Src/sysmem.o
 .group         0x0000000000000000        0xc ./Src/sysmem.o
 .group         0x0000000000000000        0xc ./Src/sysmem.o
 .text          0x0000000000000000        0x0 ./Src/sysmem.o
 .data          0x0000000000000000        0x0 ./Src/sysmem.o
 .bss           0x0000000000000000        0x0 ./Src/sysmem.o
 .bss.__sbrk_heap_end
                0x0000000000000000        0x4 ./Src/sysmem.o
 .text._sbrk    0x0000000000000000       0x6c ./Src/sysmem.o
 .debug_info    0x0000000000000000      0x171 ./Src/sysmem.o
 .debug_abbrev  0x0000000000000000       0xbb ./Src/sysmem.o
 .debug_aranges
                0x0000000000000000       0x20 ./Src/sysmem.o
 .debug_ranges  0x0000000000000000       0x10 ./Src/sysmem.o
 .debug_macro   0x0000000000000000       0xff ./Src/sysmem.o
 .debug_macro   0x0000000000000000      0xa72 ./Src/sysmem.o
 .debug_macro   0x0000000000000000       0x10 ./Src/sysmem.o
 .debug_macro   0x0000000000000000       0x22 ./Src/sysmem.o
 .debug_macro   0x0000000000000000       0x4c ./Src/sysmem.o
 .debug_macro   0x0000000000000000       0x18 ./Src/sysmem.o
 .debug_macro   0x0000000000000000       0x94 ./Src/sysmem.o
 .debug_macro   0x0000000000000000       0x3c ./Src/sysmem.o
 .debug_macro   0x0000000000000000       0x34 ./Src/sysmem.o
 .debug_macro   0x0000000000000000      0x174 ./Src/sysmem.o
 .debug_macro   0x0000000000000000       0x16 ./Src/sysmem.o
 .debug_macro   0x0000000000000000       0x43 ./Src/sysmem.o
 .debug_macro   0x0000000000000000       0x57 ./Src/sysmem.o
 .debug_macro   0x0000000000000000       0x34 ./Src/sysmem.o
 .debug_macro   0x0000000000000000       0x10 ./Src/sysmem.o
 .debug_macro   0x0000000000000000       0x58 ./Src/sysmem.o
 .debug_macro   0x0000000000000000       0x71 ./Src/sysmem.o
 .debug_macro   0x0000000000000000       0x1c ./Src/sysmem.o
 .debug_macro   0x0000000000000000      0x12a ./Src/sysmem.o
 .debug_macro   0x0000000000000000      0x23b ./Src/sysmem.o
 .debug_macro   0x0000000000000000      0x103 ./Src/sysmem.o
 .debug_macro   0x0000000000000000       0x6a ./Src/sysmem.o
 .debug_macro   0x0000000000000000      0x1df ./Src/sysmem.o
 .debug_line    0x0000000000000000      0x4ef ./Src/sysmem.o
 .debug_str     0x0000000000000000     0x5d7e ./Src/sysmem.o
 .comment       0x0000000000000000       0x51 ./Src/sysmem.o
 .debug_frame   0x0000000000000000       0x34 ./Src/sysmem.o
 .ARM.attributes
                0x0000000000000000       0x2d ./Src/sysmem.o
 .text          0x0000000000000000       0x14 ./Startup/startup_stm32f103c6tx.o
 .data          0x0000000000000000        0x0 ./Startup/startup_stm32f103c6tx.o
 .bss           0x0000000000000000        0x0 ./Startup/startup_stm32f103c6tx.o
 .group         0x0000000000000000        0xc ./drivers/Src/stm32f103xx_gpio_driver.o
 .group         0x0000000000000000        0xc ./drivers/Src/stm32f103xx_gpio_driver.o
 .group         0x0000000000000000        0xc ./drivers/Src/stm32f103xx_gpio_driver.o
 .group         0x0000000000000000        0xc ./drivers/Src/stm32f103xx_gpio_driver.o
 .group         0x0000000000000000        0xc ./drivers/Src/stm32f103xx_gpio_driver.o
 .group         0x0000000000000000        0xc ./drivers/Src/stm32f103xx_gpio_driver.o
 .group         0x0000000000000000        0xc ./drivers/Src/stm32f103xx_gpio_driver.o
 .group         0x0000000000000000        0xc ./drivers/Src/stm32f103xx_gpio_driver.o
 .group         0x0000000000000000        0xc ./drivers/Src/stm32f103xx_gpio_driver.o
 .group         0x0000000000000000        0xc ./drivers/Src/stm32f103xx_gpio_driver.o
 .text          0x0000000000000000        0x0 ./drivers/Src/stm32f103xx_gpio_driver.o
 .data          0x0000000000000000        0x0 ./drivers/Src/stm32f103xx_gpio_driver.o
 .bss           0x0000000000000000        0x0 ./drivers/Src/stm32f103xx_gpio_driver.o
 .text.GPIO_PeriClockControl
                0x0000000000000000      0x110 ./drivers/Src/stm32f103xx_gpio_driver.o
 .text.gpio_write
                0x0000000000000000       0x3e ./drivers/Src/stm32f103xx_gpio_driver.o
 .text.gpio_read
                0x0000000000000000       0x2a ./drivers/Src/stm32f103xx_gpio_driver.o
 .text.configure_gpio_interrupt
                0x0000000000000000      0x538 ./drivers/Src/stm32f103xx_gpio_driver.o
 .text.enable_gpio_interrupt
                0x0000000000000000       0x38 ./drivers/Src/stm32f103xx_gpio_driver.o
 .text.clear_gpio_interrupt
                0x0000000000000000       0x2c ./drivers/Src/stm32f103xx_gpio_driver.o
 .debug_macro   0x0000000000000000      0xa72 ./drivers/Src/stm32f103xx_gpio_driver.o
 .debug_macro   0x0000000000000000       0x22 ./drivers/Src/stm32f103xx_gpio_driver.o
 .debug_macro   0x0000000000000000      0x103 ./drivers/Src/stm32f103xx_gpio_driver.o
 .debug_macro   0x0000000000000000       0x6a ./drivers/Src/stm32f103xx_gpio_driver.o
 .debug_macro   0x0000000000000000      0x1df ./drivers/Src/stm32f103xx_gpio_driver.o
 .debug_macro   0x0000000000000000      0x72b ./drivers/Src/stm32f103xx_gpio_driver.o
 .debug_macro   0x0000000000000000       0xc4 ./drivers/Src/stm32f103xx_gpio_driver.o
 .group         0x0000000000000000        0xc ./drivers/Src/stm32f103xx_i2c_driver.o
 .group         0x0000000000000000        0xc ./drivers/Src/stm32f103xx_i2c_driver.o
 .group         0x0000000000000000        0xc ./drivers/Src/stm32f103xx_i2c_driver.o
 .group         0x0000000000000000        0xc ./drivers/Src/stm32f103xx_i2c_driver.o
 .group         0x0000000000000000        0xc ./drivers/Src/stm32f103xx_i2c_driver.o
 .group         0x0000000000000000        0xc ./drivers/Src/stm32f103xx_i2c_driver.o
 .group         0x0000000000000000        0xc ./drivers/Src/stm32f103xx_i2c_driver.o
 .group         0x0000000000000000        0xc ./drivers/Src/stm32f103xx_i2c_driver.o
 .group         0x0000000000000000        0xc ./drivers/Src/stm32f103xx_i2c_driver.o
 .group         0x0000000000000000        0xc ./drivers/Src/stm32f103xx_i2c_driver.o
 .text          0x0000000000000000        0x0 ./drivers/Src/stm32f103xx_i2c_driver.o
 .data          0x0000000000000000        0x0 ./drivers/Src/stm32f103xx_i2c_driver.o
 .bss           0x0000000000000000        0x0 ./drivers/Src/stm32f103xx_i2c_driver.o
 .debug_macro   0x0000000000000000      0xa72 ./drivers/Src/stm32f103xx_i2c_driver.o
 .debug_macro   0x0000000000000000       0x22 ./drivers/Src/stm32f103xx_i2c_driver.o
 .debug_macro   0x0000000000000000       0x8e ./drivers/Src/stm32f103xx_i2c_driver.o
 .debug_macro   0x0000000000000000       0x51 ./drivers/Src/stm32f103xx_i2c_driver.o
 .debug_macro   0x0000000000000000      0x103 ./drivers/Src/stm32f103xx_i2c_driver.o
 .debug_macro   0x0000000000000000       0x6a ./drivers/Src/stm32f103xx_i2c_driver.o
 .debug_macro   0x0000000000000000      0x1df ./drivers/Src/stm32f103xx_i2c_driver.o
 .debug_macro   0x0000000000000000      0x72b ./drivers/Src/stm32f103xx_i2c_driver.o
 .debug_macro   0x0000000000000000       0xc4 ./drivers/Src/stm32f103xx_i2c_driver.o
 .debug_macro   0x0000000000000000       0x76 ./drivers/Src/stm32f103xx_i2c_driver.o
 .text          0x0000000000000000        0x0 c:/st/stm32cubeide_1.12.1/stm32cubeide/plugins/com.st.stm32cube.ide.mcu.externaltools.gnu-tools-for-stm32.10.3-2021.10.win32_1.0.200.202301161003/tools/bin/../lib/gcc/arm-none-eabi/10.3.1/../../../../arm-none-eabi/lib/thumb/v7-m/nofp\libc_nano.a(lib_a-errno.o)
 .data          0x0000000000000000        0x0 c:/st/stm32cubeide_1.12.1/stm32cubeide/plugins/com.st.stm32cube.ide.mcu.externaltools.gnu-tools-for-stm32.10.3-2021.10.win32_1.0.200.202301161003/tools/bin/../lib/gcc/arm-none-eabi/10.3.1/../../../../arm-none-eabi/lib/thumb/v7-m/nofp\libc_nano.a(lib_a-errno.o)
 .bss           0x0000000000000000        0x0 c:/st/stm32cubeide_1.12.1/stm32cubeide/plugins/com.st.stm32cube.ide.mcu.externaltools.gnu-tools-for-stm32.10.3-2021.10.win32_1.0.200.202301161003/tools/bin/../lib/gcc/arm-none-eabi/10.3.1/../../../../arm-none-eabi/lib/thumb/v7-m/nofp\libc_nano.a(lib_a-errno.o)
 .text.__errno  0x0000000000000000        0xc c:/st/stm32cubeide_1.12.1/stm32cubeide/plugins/com.st.stm32cube.ide.mcu.externaltools.gnu-tools-for-stm32.10.3-2021.10.win32_1.0.200.202301161003/tools/bin/../lib/gcc/arm-none-eabi/10.3.1/../../../../arm-none-eabi/lib/thumb/v7-m/nofp\libc_nano.a(lib_a-errno.o)
 .debug_frame   0x0000000000000000       0x20 c:/st/stm32cubeide_1.12.1/stm32cubeide/plugins/com.st.stm32cube.ide.mcu.externaltools.gnu-tools-for-stm32.10.3-2021.10.win32_1.0.200.202301161003/tools/bin/../lib/gcc/arm-none-eabi/10.3.1/../../../../arm-none-eabi/lib/thumb/v7-m/nofp\libc_nano.a(lib_a-errno.o)
 .ARM.attributes
                0x0000000000000000       0x2d c:/st/stm32cubeide_1.12.1/stm32cubeide/plugins/com.st.stm32cube.ide.mcu.externaltools.gnu-tools-for-stm32.10.3-2021.10.win32_1.0.200.202301161003/tools/bin/../lib/gcc/arm-none-eabi/10.3.1/../../../../arm-none-eabi/lib/thumb/v7-m/nofp\libc_nano.a(lib_a-errno.o)
 .text          0x0000000000000000        0x0 c:/st/stm32cubeide_1.12.1/stm32cubeide/plugins/com.st.stm32cube.ide.mcu.externaltools.gnu-tools-for-stm32.10.3-2021.10.win32_1.0.200.202301161003/tools/bin/../lib/gcc/arm-none-eabi/10.3.1/../../../../arm-none-eabi/lib/thumb/v7-m/nofp\libc_nano.a(lib_a-exit.o)
 .data          0x0000000000000000        0x0 c:/st/stm32cubeide_1.12.1/stm32cubeide/plugins/com.st.stm32cube.ide.mcu.externaltools.gnu-tools-for-stm32.10.3-2021.10.win32_1.0.200.202301161003/tools/bin/../lib/gcc/arm-none-eabi/10.3.1/../../../../arm-none-eabi/lib/thumb/v7-m/nofp\libc_nano.a(lib_a-exit.o)
 .bss           0x0000000000000000        0x0 c:/st/stm32cubeide_1.12.1/stm32cubeide/plugins/com.st.stm32cube.ide.mcu.externaltools.gnu-tools-for-stm32.10.3-2021.10.win32_1.0.200.202301161003/tools/bin/../lib/gcc/arm-none-eabi/10.3.1/../../../../arm-none-eabi/lib/thumb/v7-m/nofp\libc_nano.a(lib_a-exit.o)
 .text.exit     0x0000000000000000       0x28 c:/st/stm32cubeide_1.12.1/stm32cubeide/plugins/com.st.stm32cube.ide.mcu.externaltools.gnu-tools-for-stm32.10.3-2021.10.win32_1.0.200.202301161003/tools/bin/../lib/gcc/arm-none-eabi/10.3.1/../../../../arm-none-eabi/lib/thumb/v7-m/nofp\libc_nano.a(lib_a-exit.o)
 .debug_frame   0x0000000000000000       0x28 c:/st/stm32cubeide_1.12.1/stm32cubeide/plugins/com.st.stm32cube.ide.mcu.externaltools.gnu-tools-for-stm32.10.3-2021.10.win32_1.0.200.202301161003/tools/bin/../lib/gcc/arm-none-eabi/10.3.1/../../../../arm-none-eabi/lib/thumb/v7-m/nofp\libc_nano.a(lib_a-exit.o)
 .ARM.attributes
                0x0000000000000000       0x2d c:/st/stm32cubeide_1.12.1/stm32cubeide/plugins/com.st.stm32cube.ide.mcu.externaltools.gnu-tools-for-stm32.10.3-2021.10.win32_1.0.200.202301161003/tools/bin/../lib/gcc/arm-none-eabi/10.3.1/../../../../arm-none-eabi/lib/thumb/v7-m/nofp\libc_nano.a(lib_a-exit.o)
 .text          0x0000000000000000        0x0 c:/st/stm32cubeide_1.12.1/stm32cubeide/plugins/com.st.stm32cube.ide.mcu.externaltools.gnu-tools-for-stm32.10.3-2021.10.win32_1.0.200.202301161003/tools/bin/../lib/gcc/arm-none-eabi/10.3.1/../../../../arm-none-eabi/lib/thumb/v7-m/nofp\libc_nano.a(lib_a-impure.o)
 .data          0x0000000000000000        0x0 c:/st/stm32cubeide_1.12.1/stm32cubeide/plugins/com.st.stm32cube.ide.mcu.externaltools.gnu-tools-for-stm32.10.3-2021.10.win32_1.0.200.202301161003/tools/bin/../lib/gcc/arm-none-eabi/10.3.1/../../../../arm-none-eabi/lib/thumb/v7-m/nofp\libc_nano.a(lib_a-impure.o)
 .bss           0x0000000000000000        0x0 c:/st/stm32cubeide_1.12.1/stm32cubeide/plugins/com.st.stm32cube.ide.mcu.externaltools.gnu-tools-for-stm32.10.3-2021.10.win32_1.0.200.202301161003/tools/bin/../lib/gcc/arm-none-eabi/10.3.1/../../../../arm-none-eabi/lib/thumb/v7-m/nofp\libc_nano.a(lib_a-impure.o)
 .data._impure_ptr
                0x0000000000000000        0x4 c:/st/stm32cubeide_1.12.1/stm32cubeide/plugins/com.st.stm32cube.ide.mcu.externaltools.gnu-tools-for-stm32.10.3-2021.10.win32_1.0.200.202301161003/tools/bin/../lib/gcc/arm-none-eabi/10.3.1/../../../../arm-none-eabi/lib/thumb/v7-m/nofp\libc_nano.a(lib_a-impure.o)
 .data.impure_data
                0x0000000000000000       0x60 c:/st/stm32cubeide_1.12.1/stm32cubeide/plugins/com.st.stm32cube.ide.mcu.externaltools.gnu-tools-for-stm32.10.3-2021.10.win32_1.0.200.202301161003/tools/bin/../lib/gcc/arm-none-eabi/10.3.1/../../../../arm-none-eabi/lib/thumb/v7-m/nofp\libc_nano.a(lib_a-impure.o)
 .rodata._global_impure_ptr
                0x0000000000000000        0x4 c:/st/stm32cubeide_1.12.1/stm32cubeide/plugins/com.st.stm32cube.ide.mcu.externaltools.gnu-tools-for-stm32.10.3-2021.10.win32_1.0.200.202301161003/tools/bin/../lib/gcc/arm-none-eabi/10.3.1/../../../../arm-none-eabi/lib/thumb/v7-m/nofp\libc_nano.a(lib_a-impure.o)
 .ARM.attributes
                0x0000000000000000       0x2d c:/st/stm32cubeide_1.12.1/stm32cubeide/plugins/com.st.stm32cube.ide.mcu.externaltools.gnu-tools-for-stm32.10.3-2021.10.win32_1.0.200.202301161003/tools/bin/../lib/gcc/arm-none-eabi/10.3.1/../../../../arm-none-eabi/lib/thumb/v7-m/nofp\libc_nano.a(lib_a-impure.o)
 .text          0x0000000000000000        0x0 c:/st/stm32cubeide_1.12.1/stm32cubeide/plugins/com.st.stm32cube.ide.mcu.externaltools.gnu-tools-for-stm32.10.3-2021.10.win32_1.0.200.202301161003/tools/bin/../lib/gcc/arm-none-eabi/10.3.1/../../../../arm-none-eabi/lib/thumb/v7-m/nofp\libc_nano.a(lib_a-init.o)
 .data          0x0000000000000000        0x0 c:/st/stm32cubeide_1.12.1/stm32cubeide/plugins/com.st.stm32cube.ide.mcu.externaltools.gnu-tools-for-stm32.10.3-2021.10.win32_1.0.200.202301161003/tools/bin/../lib/gcc/arm-none-eabi/10.3.1/../../../../arm-none-eabi/lib/thumb/v7-m/nofp\libc_nano.a(lib_a-init.o)
 .bss           0x0000000000000000        0x0 c:/st/stm32cubeide_1.12.1/stm32cubeide/plugins/com.st.stm32cube.ide.mcu.externaltools.gnu-tools-for-stm32.10.3-2021.10.win32_1.0.200.202301161003/tools/bin/../lib/gcc/arm-none-eabi/10.3.1/../../../../arm-none-eabi/lib/thumb/v7-m/nofp\libc_nano.a(lib_a-init.o)
 .text          0x0000000000000000        0x0 c:/st/stm32cubeide_1.12.1/stm32cubeide/plugins/com.st.stm32cube.ide.mcu.externaltools.gnu-tools-for-stm32.10.3-2021.10.win32_1.0.200.202301161003/tools/bin/../lib/gcc/arm-none-eabi/10.3.1/../../../../arm-none-eabi/lib/thumb/v7-m/nofp\libc_nano.a(lib_a-memset.o)
 .data          0x0000000000000000        0x0 c:/st/stm32cubeide_1.12.1/stm32cubeide/plugins/com.st.stm32cube.ide.mcu.externaltools.gnu-tools-for-stm32.10.3-2021.10.win32_1.0.200.202301161003/tools/bin/../lib/gcc/arm-none-eabi/10.3.1/../../../../arm-none-eabi/lib/thumb/v7-m/nofp\libc_nano.a(lib_a-memset.o)
 .bss           0x0000000000000000        0x0 c:/st/stm32cubeide_1.12.1/stm32cubeide/plugins/com.st.stm32cube.ide.mcu.externaltools.gnu-tools-for-stm32.10.3-2021.10.win32_1.0.200.202301161003/tools/bin/../lib/gcc/arm-none-eabi/10.3.1/../../../../arm-none-eabi/lib/thumb/v7-m/nofp\libc_nano.a(lib_a-memset.o)
 .text.memset   0x0000000000000000       0x10 c:/st/stm32cubeide_1.12.1/stm32cubeide/plugins/com.st.stm32cube.ide.mcu.externaltools.gnu-tools-for-stm32.10.3-2021.10.win32_1.0.200.202301161003/tools/bin/../lib/gcc/arm-none-eabi/10.3.1/../../../../arm-none-eabi/lib/thumb/v7-m/nofp\libc_nano.a(lib_a-memset.o)
 .debug_frame   0x0000000000000000       0x20 c:/st/stm32cubeide_1.12.1/stm32cubeide/plugins/com.st.stm32cube.ide.mcu.externaltools.gnu-tools-for-stm32.10.3-2021.10.win32_1.0.200.202301161003/tools/bin/../lib/gcc/arm-none-eabi/10.3.1/../../../../arm-none-eabi/lib/thumb/v7-m/nofp\libc_nano.a(lib_a-memset.o)
 .ARM.attributes
                0x0000000000000000       0x2d c:/st/stm32cubeide_1.12.1/stm32cubeide/plugins/com.st.stm32cube.ide.mcu.externaltools.gnu-tools-for-stm32.10.3-2021.10.win32_1.0.200.202301161003/tools/bin/../lib/gcc/arm-none-eabi/10.3.1/../../../../arm-none-eabi/lib/thumb/v7-m/nofp\libc_nano.a(lib_a-memset.o)
 .text          0x0000000000000000        0x0 c:/st/stm32cubeide_1.12.1/stm32cubeide/plugins/com.st.stm32cube.ide.mcu.externaltools.gnu-tools-for-stm32.10.3-2021.10.win32_1.0.200.202301161003/tools/bin/../lib/gcc/arm-none-eabi/10.3.1/thumb/v7-m/nofp/crtend.o
 .data          0x0000000000000000        0x0 c:/st/stm32cubeide_1.12.1/stm32cubeide/plugins/com.st.stm32cube.ide.mcu.externaltools.gnu-tools-for-stm32.10.3-2021.10.win32_1.0.200.202301161003/tools/bin/../lib/gcc/arm-none-eabi/10.3.1/thumb/v7-m/nofp/crtend.o
 .bss           0x0000000000000000        0x0 c:/st/stm32cubeide_1.12.1/stm32cubeide/plugins/com.st.stm32cube.ide.mcu.externaltools.gnu-tools-for-stm32.10.3-2021.10.win32_1.0.200.202301161003/tools/bin/../lib/gcc/arm-none-eabi/10.3.1/thumb/v7-m/nofp/crtend.o
 .rodata        0x0000000000000000       0x24 c:/st/stm32cubeide_1.12.1/stm32cubeide/plugins/com.st.stm32cube.ide.mcu.externaltools.gnu-tools-for-stm32.10.3-2021.10.win32_1.0.200.202301161003/tools/bin/../lib/gcc/arm-none-eabi/10.3.1/thumb/v7-m/nofp/crtend.o
 .eh_frame      0x0000000000000000        0x4 c:/st/stm32cubeide_1.12.1/stm32cubeide/plugins/com.st.stm32cube.ide.mcu.externaltools.gnu-tools-for-stm32.10.3-2021.10.win32_1.0.200.202301161003/tools/bin/../lib/gcc/arm-none-eabi/10.3.1/thumb/v7-m/nofp/crtend.o
 .ARM.attributes
                0x0000000000000000       0x2d c:/st/stm32cubeide_1.12.1/stm32cubeide/plugins/com.st.stm32cube.ide.mcu.externaltools.gnu-tools-for-stm32.10.3-2021.10.win32_1.0.200.202301161003/tools/bin/../lib/gcc/arm-none-eabi/10.3.1/thumb/v7-m/nofp/crtend.o
 .text          0x0000000000000000        0x0 c:/st/stm32cubeide_1.12.1/stm32cubeide/plugins/com.st.stm32cube.ide.mcu.externaltools.gnu-tools-for-stm32.10.3-2021.10.win32_1.0.200.202301161003/tools/bin/../lib/gcc/arm-none-eabi/10.3.1/thumb/v7-m/nofp/crtn.o
 .data          0x0000000000000000        0x0 c:/st/stm32cubeide_1.12.1/stm32cubeide/plugins/com.st.stm32cube.ide.mcu.externaltools.gnu-tools-for-stm32.10.3-2021.10.win32_1.0.200.202301161003/tools/bin/../lib/gcc/arm-none-eabi/10.3.1/thumb/v7-m/nofp/crtn.o
 .bss           0x0000000000000000        0x0 c:/st/stm32cubeide_1.12.1/stm32cubeide/plugins/com.st.stm32cube.ide.mcu.externaltools.gnu-tools-for-stm32.10.3-2021.10.win32_1.0.200.202301161003/tools/bin/../lib/gcc/arm-none-eabi/10.3.1/thumb/v7-m/nofp/crtn.o

Memory Configuration

Name             Origin             Length             Attributes
RAM              0x0000000020000000 0x0000000000002800 xrw
FLASH            0x0000000008000000 0x0000000000008000 xr
*default*        0x0000000000000000 0xffffffffffffffff

Linker script and memory map

LOAD c:/st/stm32cubeide_1.12.1/stm32cubeide/plugins/com.st.stm32cube.ide.mcu.externaltools.gnu-tools-for-stm32.10.3-2021.10.win32_1.0.200.202301161003/tools/bin/../lib/gcc/arm-none-eabi/10.3.1/thumb/v7-m/nofp/crti.o
LOAD c:/st/stm32cubeide_1.12.1/stm32cubeide/plugins/com.st.stm32cube.ide.mcu.externaltools.gnu-tools-for-stm32.10.3-2021.10.win32_1.0.200.202301161003/tools/bin/../lib/gcc/arm-none-eabi/10.3.1/thumb/v7-m/nofp/crtbegin.o
LOAD c:/st/stm32cubeide_1.12.1/stm32cubeide/plugins/com.st.stm32cube.ide.mcu.externaltools.gnu-tools-for-stm32.10.3-2021.10.win32_1.0.200.202301161003/tools/bin/../lib/gcc/arm-none-eabi/10.3.1/../../../../arm-none-eabi/lib/thumb/v7-m/nofp/crt0.o
LOAD ./Src/010i2c_master_tx_testing.o
LOAD ./Src/syscalls.o
LOAD ./Src/sysmem.o
LOAD ./Startup/startup_stm32f103c6tx.o
LOAD ./drivers/Src/stm32f103xx_gpio_driver.o
LOAD ./drivers/Src/stm32f103xx_i2c_driver.o
START GROUP
LOAD c:/st/stm32cubeide_1.12.1/stm32cubeide/plugins/com.st.stm32cube.ide.mcu.externaltools.gnu-tools-for-stm32.10.3-2021.10.win32_1.0.200.202301161003/tools/bin/../lib/gcc/arm-none-eabi/10.3.1/../../../../arm-none-eabi/lib/thumb/v7-m/nofp\libc_nano.a
LOAD c:/st/stm32cubeide_1.12.1/stm32cubeide/plugins/com.st.stm32cube.ide.mcu.externaltools.gnu-tools-for-stm32.10.3-2021.10.win32_1.0.200.202301161003/tools/bin/../lib/gcc/arm-none-eabi/10.3.1/../../../../arm-none-eabi/lib/thumb/v7-m/nofp\libm.a
END GROUP
START GROUP
LOAD c:/st/stm32cubeide_1.12.1/stm32cubeide/plugins/com.st.stm32cube.ide.mcu.externaltools.gnu-tools-for-stm32.10.3-2021.10.win32_1.0.200.202301161003/tools/bin/../lib/gcc/arm-none-eabi/10.3.1/thumb/v7-m/nofp\libgcc.a
LOAD c:/st/stm32cubeide_1.12.1/stm32cubeide/plugins/com.st.stm32cube.ide.mcu.externaltools.gnu-tools-for-stm32.10.3-2021.10.win32_1.0.200.202301161003/tools/bin/../lib/gcc/arm-none-eabi/10.3.1/../../../../arm-none-eabi/lib/thumb/v7-m/nofp\libc_nano.a
END GROUP
START GROUP
LOAD c:/st/stm32cubeide_1.12.1/stm32cubeide/plugins/com.st.stm32cube.ide.mcu.externaltools.gnu-tools-for-stm32.10.3-2021.10.win32_1.0.200.202301161003/tools/bin/../lib/gcc/arm-none-eabi/10.3.1/thumb/v7-m/nofp\libgcc.a
LOAD c:/st/stm32cubeide_1.12.1/stm32cubeide/plugins/com.st.stm32cube.ide.mcu.externaltools.gnu-tools-for-stm32.10.3-2021.10.win32_1.0.200.202301161003/tools/bin/../lib/gcc/arm-none-eabi/10.3.1/../../../../arm-none-eabi/lib/thumb/v7-m/nofp\libc_nano.a
LOAD c:/st/stm32cubeide_1.12.1/stm32cubeide/plugins/com.st.stm32cube.ide.mcu.externaltools.gnu-tools-for-stm32.10.3-2021.10.win32_1.0.200.202301161003/tools/bin/../lib/gcc/arm-none-eabi/10.3.1/../../../../arm-none-eabi/lib/thumb/v7-m/nofp\libnosys.a
END GROUP
START GROUP
LOAD c:/st/stm32cubeide_1.12.1/stm32cubeide/plugins/com.st.stm32cube.ide.mcu.externaltools.gnu-tools-for-stm32.10.3-2021.10.win32_1.0.200.202301161003/tools/bin/../lib/gcc/arm-none-eabi/10.3.1/thumb/v7-m/nofp\libgcc.a
LOAD c:/st/stm32cubeide_1.12.1/stm32cubeide/plugins/com.st.stm32cube.ide.mcu.externaltools.gnu-tools-for-stm32.10.3-2021.10.win32_1.0.200.202301161003/tools/bin/../lib/gcc/arm-none-eabi/10.3.1/../../../../arm-none-eabi/lib/thumb/v7-m/nofp\libc_nano.a
LOAD c:/st/stm32cubeide_1.12.1/stm32cubeide/plugins/com.st.stm32cube.ide.mcu.externaltools.gnu-tools-for-stm32.10.3-2021.10.win32_1.0.200.202301161003/tools/bin/../lib/gcc/arm-none-eabi/10.3.1/../../../../arm-none-eabi/lib/thumb/v7-m/nofp\libnosys.a
END GROUP
LOAD c:/st/stm32cubeide_1.12.1/stm32cubeide/plugins/com.st.stm32cube.ide.mcu.externaltools.gnu-tools-for-stm32.10.3-2021.10.win32_1.0.200.202301161003/tools/bin/../lib/gcc/arm-none-eabi/10.3.1/thumb/v7-m/nofp/crtend.o
LOAD c:/st/stm32cubeide_1.12.1/stm32cubeide/plugins/com.st.stm32cube.ide.mcu.externaltools.gnu-tools-for-stm32.10.3-2021.10.win32_1.0.200.202301161003/tools/bin/../lib/gcc/arm-none-eabi/10.3.1/thumb/v7-m/nofp/crtn.o
                0x0000000020002800                _estack = (ORIGIN (RAM) + LENGTH (RAM))
                0x0000000000000200                _Min_Heap_Size = 0x200
                0x0000000000000400                _Min_Stack_Size = 0x400

.isr_vector     0x0000000008000000      0x130
                0x0000000008000000                . = ALIGN (0x4)
 *(.isr_vector)
 .isr_vector    0x0000000008000000      0x130 ./Startup/startup_stm32f103c6tx.o
                0x0000000008000000                g_pfnVectors
                0x0000000008000130                . = ALIGN (0x4)

.text           0x0000000008000130      0xb88
                0x0000000008000130                . = ALIGN (0x4)
 *(.text)
 .text          0x0000000008000130       0x40 c:/st/stm32cubeide_1.12.1/stm32cubeide/plugins/com.st.stm32cube.ide.mcu.externaltools.gnu-tools-for-stm32.10.3-2021.10.win32_1.0.200.202301161003/tools/bin/../lib/gcc/arm-none-eabi/10.3.1/thumb/v7-m/nofp/crtbegin.o
 *(.text*)
 .text.I2C1_GPIOInits
                0x0000000008000170       0x40 ./Src/010i2c_master_tx_testing.o
                0x0000000008000170                I2C1_GPIOInits
 .text.I2C1_Inits
                0x00000000080001b0       0x38 ./Src/010i2c_master_tx_testing.o
                0x00000000080001b0                I2C1_Inits
 .text.delay    0x00000000080001e8       0x2c ./Src/010i2c_master_tx_testing.o
                0x00000000080001e8                delay
 .text.GPIO_ButtonInit
                0x0000000008000214       0x50 ./Src/010i2c_master_tx_testing.o
                0x0000000008000214                GPIO_ButtonInit
 .text.main     0x0000000008000264       0x84 ./Src/010i2c_master_tx_testing.o
                0x0000000008000264                main
 .text.Reset_Handler
                0x00000000080002e8       0x50 ./Startup/startup_stm32f103c6tx.o
                0x00000000080002e8                Reset_Handler
 .text.Default_Handler
                0x0000000008000338        0x2 ./Startup/startup_stm32f103c6tx.o
                0x0000000008000338                EXTI2_IRQHandler
                0x0000000008000338                TIM8_TRG_COM_IRQHandler
                0x0000000008000338                TIM8_CC_IRQHandler
                0x0000000008000338                DebugMon_Handler
                0x0000000008000338                TIM1_CC_IRQHandler
                0x0000000008000338                HardFault_Handler
                0x0000000008000338                TIM6_IRQHandler
                0x0000000008000338                SysTick_Handler
                0x0000000008000338                PVD_IRQHandler
                0x0000000008000338                SDIO_IRQHandler
                0x0000000008000338                PendSV_Handler
                0x0000000008000338                NMI_Handler
                0x0000000008000338                EXTI3_IRQHandler
                0x0000000008000338                USB_HP_CAN_TX_IRQHandler
                0x0000000008000338                EXTI0_IRQHandler
                0x0000000008000338                I2C2_EV_IRQHandler
                0x0000000008000338                UsageFault_Handler
                0x0000000008000338                ADC1_2_IRQHandler
                0x0000000008000338                SPI1_IRQHandler
                0x0000000008000338                CAN_SCE_IRQHandler
                0x0000000008000338                TAMPER_IRQHandler
                0x0000000008000338                TIM8_UP_IRQHandler
                0x0000000008000338                DMA2_Channel2_IRQHandler
                0x0000000008000338                DMA1_Channel4_IRQHandler
                0x0000000008000338                USART3_IRQHandler
                0x0000000008000338                RTC_IRQHandler
                0x0000000008000338                DMA1_Channel7_IRQHandler
                0x0000000008000338                UART5_IRQHandler
                0x0000000008000338                ADC3_IRQHandler
                0x0000000008000338                TIM4_IRQHandler
                0x0000000008000338                CAN_RX1_IRQHandler
                0x0000000008000338                DMA2_Channel1_IRQHandler
                0x0000000008000338                I2C1_EV_IRQHandler
                0x0000000008000338                DMA1_Channel6_IRQHandler
                0x0000000008000338                UART4_IRQHandler
                0x0000000008000338                TIM3_IRQHandler
                0x0000000008000338                RCC_IRQHandler
                0x0000000008000338                TIM1_TRG_COM_IRQHandler
                0x0000000008000338                DMA1_Channel1_IRQHandler
                0x0000000008000338                Default_Handler
                0x0000000008000338                EXTI15_10_IRQHandler
                0x0000000008000338                TIM7_IRQHandler
                0x0000000008000338                TIM5_IRQHandler
                0x0000000008000338                EXTI9_5_IRQHandler
                0x0000000008000338                SPI2_IRQHandler
                0x0000000008000338                USB_LP_CAN_RX0_IRQHandler
                0x0000000008000338                MemManage_Handler
                0x0000000008000338                SVC_Handler
                0x0000000008000338                DMA1_Channel5_IRQHandler
                0x0000000008000338                EXTI4_IRQHandler
                0x0000000008000338                DMA1_Channel3_IRQHandler
                0x0000000008000338                FSMC_IRQHandler
                0x0000000008000338                TIM1_UP_IRQHandler
                0x0000000008000338                WWDG_IRQHandler
                0x0000000008000338                TIM2_IRQHandler
                0x0000000008000338                TIM1_BRK_IRQHandler
                0x0000000008000338                EXTI1_IRQHandler
                0x0000000008000338                RTCAlarm_IRQHandler
                0x0000000008000338                DMA2_Channel4_5_IRQHandler
                0x0000000008000338                USART2_IRQHandler
                0x0000000008000338                I2C2_ER_IRQHandler
                0x0000000008000338                DMA1_Channel2_IRQHandler
                0x0000000008000338                TIM8_BRK_IRQHandler
                0x0000000008000338                FLASH_IRQHandler
                0x0000000008000338                BusFault_Handler
                0x0000000008000338                USART1_IRQHandler
                0x0000000008000338                SPI3_IRQHandler
                0x0000000008000338                I2C1_ER_IRQHandler
                0x0000000008000338                DMA2_Channel3_IRQHandler
 *fill*         0x000000000800033a        0x2 
 .text.GPIO_Init
                0x000000000800033c      0x148 ./drivers/Src/stm32f103xx_gpio_driver.o
                0x000000000800033c                GPIO_Init
 .text.config_pin
                0x0000000008000484      0x198 ./drivers/Src/stm32f103xx_gpio_driver.o
                0x0000000008000484                config_pin
 .text.config_pin_speed
                0x000000000800061c       0xb0 ./drivers/Src/stm32f103xx_gpio_driver.o
                0x000000000800061c                config_pin_speed
 .text.gpio_toggle
                0x00000000080006cc       0x26 ./drivers/Src/stm32f103xx_gpio_driver.o
                0x00000000080006cc                gpio_toggle
 .text.RCC_GetPLLOutputClock
                0x00000000080006f2        0xe ./drivers/Src/stm32f103xx_i2c_driver.o
                0x00000000080006f2                RCC_GetPLLOutputClock
 .text.RCC_GetPCLK1Value
                0x0000000008000700       0xb0 ./drivers/Src/stm32f103xx_i2c_driver.o
                0x0000000008000700                RCC_GetPCLK1Value
 .text.I2C_PeriClockControl
                0x00000000080007b0       0x80 ./drivers/Src/stm32f103xx_i2c_driver.o
                0x00000000080007b0                I2C_PeriClockControl
 .text.I2C_PeripheralControl
                0x0000000008000830       0x36 ./drivers/Src/stm32f103xx_i2c_driver.o
                0x0000000008000830                I2C_PeripheralControl
 *fill*         0x0000000008000866        0x2 
 .text.I2C_Init
                0x0000000008000868      0x160 ./drivers/Src/stm32f103xx_i2c_driver.o
                0x0000000008000868                I2C_Init
 .text.I2C_GetFlagStatus
                0x00000000080009c8       0x26 ./drivers/Src/stm32f103xx_i2c_driver.o
                0x00000000080009c8                I2C_GetFlagStatus
 .text.I2C_MasterSendData
                0x00000000080009ee       0x9c ./drivers/Src/stm32f103xx_i2c_driver.o
                0x00000000080009ee                I2C_MasterSendData
 .text.I2C_ReceiveData
                0x0000000008000a8a       0xec ./drivers/Src/stm32f103xx_i2c_driver.o
                0x0000000008000a8a                I2C_ReceiveData
 .text.I2C_GenerateStartCondition
                0x0000000008000b76       0x1e ./drivers/Src/stm32f103xx_i2c_driver.o
 .text.I2C_ExecuteAddressPhase
                0x0000000008000b94       0x50 ./drivers/Src/stm32f103xx_i2c_driver.o
 .text.I2C_ClearADDRFlag
                0x0000000008000be4       0x1e ./drivers/Src/stm32f103xx_i2c_driver.o
 .text.I2C_GenerateStopCondition
                0x0000000008000c02       0x1e ./drivers/Src/stm32f103xx_i2c_driver.o
 .text.I2C_ManageAcking
                0x0000000008000c20       0x36 ./drivers/Src/stm32f103xx_i2c_driver.o
                0x0000000008000c20                I2C_ManageAcking
 *fill*         0x0000000008000c56        0x2 
 .text.__libc_init_array
                0x0000000008000c58       0x48 c:/st/stm32cubeide_1.12.1/stm32cubeide/plugins/com.st.stm32cube.ide.mcu.externaltools.gnu-tools-for-stm32.10.3-2021.10.win32_1.0.200.202301161003/tools/bin/../lib/gcc/arm-none-eabi/10.3.1/../../../../arm-none-eabi/lib/thumb/v7-m/nofp\libc_nano.a(lib_a-init.o)
                0x0000000008000c58                __libc_init_array
 *(.glue_7)
 .glue_7        0x0000000008000ca0        0x0 linker stubs
 *(.glue_7t)
 .glue_7t       0x0000000008000ca0        0x0 linker stubs
 *(.eh_frame)
 .eh_frame      0x0000000008000ca0        0x0 c:/st/stm32cubeide_1.12.1/stm32cubeide/plugins/com.st.stm32cube.ide.mcu.externaltools.gnu-tools-for-stm32.10.3-2021.10.win32_1.0.200.202301161003/tools/bin/../lib/gcc/arm-none-eabi/10.3.1/thumb/v7-m/nofp/crtbegin.o
 *(.init)
 .init          0x0000000008000ca0        0x4 c:/st/stm32cubeide_1.12.1/stm32cubeide/plugins/com.st.stm32cube.ide.mcu.externaltools.gnu-tools-for-stm32.10.3-2021.10.win32_1.0.200.202301161003/tools/bin/../lib/gcc/arm-none-eabi/10.3.1/thumb/v7-m/nofp/crti.o
                0x0000000008000ca0                _init
 .init          0x0000000008000ca4        0x8 c:/st/stm32cubeide_1.12.1/stm32cubeide/plugins/com.st.stm32cube.ide.mcu.externaltools.gnu-tools-for-stm32.10.3-2021.10.win32_1.0.200.202301161003/tools/bin/../lib/gcc/arm-none-eabi/10.3.1/thumb/v7-m/nofp/crtn.o
 *(.fini)
 .fini          0x0000000008000cac        0x4 c:/st/stm32cubeide_1.12.1/stm32cubeide/plugins/com.st.stm32cube.ide.mcu.externaltools.gnu-tools-for-stm32.10.3-2021.10.win32_1.0.200.202301161003/tools/bin/../lib/gcc/arm-none-eabi/10.3.1/thumb/v7-m/nofp/crti.o
                0x0000000008000cac                _fini
 .fini          0x0000000008000cb0        0x8 c:/st/stm32cubeide_1.12.1/stm32cubeide/plugins/com.st.stm32cube.ide.mcu.externaltools.gnu-tools-for-stm32.10.3-2021.10.win32_1.0.200.202301161003/tools/bin/../lib/gcc/arm-none-eabi/10.3.1/thumb/v7-m/nofp/crtn.o
                0x0000000008000cb8                . = ALIGN (0x4)
                0x0000000008000cb8                _etext = .

.vfp11_veneer   0x0000000008000cb8        0x0
 .vfp11_veneer  0x0000000008000cb8        0x0 linker stubs

.v4_bx          0x0000000008000cb8        0x0
 .v4_bx         0x0000000008000cb8        0x0 linker stubs

.iplt           0x0000000008000cb8        0x0
 .iplt          0x0000000008000cb8        0x0 c:/st/stm32cubeide_1.12.1/stm32cubeide/plugins/com.st.stm32cube.ide.mcu.externaltools.gnu-tools-for-stm32.10.3-2021.10.win32_1.0.200.202301161003/tools/bin/../lib/gcc/arm-none-eabi/10.3.1/thumb/v7-m/nofp/crtbegin.o

.rel.dyn        0x0000000008000cb8        0x0
 .rel.iplt      0x0000000008000cb8        0x0 c:/st/stm32cubeide_1.12.1/stm32cubeide/plugins/com.st.stm32cube.ide.mcu.externaltools.gnu-tools-for-stm32.10.3-2021.10.win32_1.0.200.202301161003/tools/bin/../lib/gcc/arm-none-eabi/10.3.1/thumb/v7-m/nofp/crtbegin.o

.rodata         0x0000000008000cb8        0x0
                0x0000000008000cb8                . = ALIGN (0x4)
 *(.rodata)
 *(.rodata*)
                0x0000000008000cb8                . = ALIGN (0x4)

.ARM.extab      0x0000000008000cb8        0x0
                0x0000000008000cb8                . = ALIGN (0x4)
 *(.ARM.extab* .gnu.linkonce.armextab.*)
                0x0000000008000cb8                . = ALIGN (0x4)

.ARM            0x0000000008000cb8        0x0
                0x0000000008000cb8                . = ALIGN (0x4)
                0x0000000008000cb8                __exidx_start = .
 *(.ARM.exidx*)
                0x0000000008000cb8                __exidx_end = .
                0x0000000008000cb8                . = ALIGN (0x4)

.preinit_array  0x0000000008000cb8        0x0
                0x0000000008000cb8                . = ALIGN (0x4)
                0x0000000008000cb8                PROVIDE (__preinit_array_start = .)
 *(.preinit_array*)
                0x0000000008000cb8                PROVIDE (__preinit_array_end = .)
                0x0000000008000cb8                . = ALIGN (0x4)

.init_array     0x0000000008000cb8        0x4
                0x0000000008000cb8                . = ALIGN (0x4)
                0x0000000008000cb8                PROVIDE (__init_array_start = .)
 *(SORT_BY_NAME(.init_array.*))
 *(.init_array*)
 .init_array    0x0000000008000cb8        0x4 c:/st/stm32cubeide_1.12.1/stm32cubeide/plugins/com.st.stm32cube.ide.mcu.externaltools.gnu-tools-for-stm32.10.3-2021.10.win32_1.0.200.202301161003/tools/bin/../lib/gcc/arm-none-eabi/10.3.1/thumb/v7-m/nofp/crtbegin.o
                0x0000000008000cbc                PROVIDE (__init_array_end = .)
                0x0000000008000cbc                . = ALIGN (0x4)

.fini_array     0x0000000008000cbc        0x4
                0x0000000008000cbc                . = ALIGN (0x4)
                [!provide]                        PROVIDE (__fini_array_start = .)
 *(SORT_BY_NAME(.fini_array.*))
 *(.fini_array*)
 .fini_array    0x0000000008000cbc        0x4 c:/st/stm32cubeide_1.12.1/stm32cubeide/plugins/com.st.stm32cube.ide.mcu.externaltools.gnu-tools-for-stm32.10.3-2021.10.win32_1.0.200.202301161003/tools/bin/../lib/gcc/arm-none-eabi/10.3.1/thumb/v7-m/nofp/crtbegin.o
                [!provide]                        PROVIDE (__fini_array_end = .)
                0x0000000008000cc0                . = ALIGN (0x4)
                0x0000000008000cc0                _sidata = LOADADDR (.data)

.data           0x0000000020000000       0x58 load address 0x0000000008000cc0
                0x0000000020000000                . = ALIGN (0x4)
                0x0000000020000000                _sdata = .
 *(.data)
 *(.data*)
 .data.PINPOS   0x0000000020000000       0x40 ./drivers/Src/stm32f103xx_gpio_driver.o
                0x0000000020000000                PINPOS
 .data.AHB_PreScaler
                0x0000000020000040       0x10 ./drivers/Src/stm32f103xx_i2c_driver.o
                0x0000000020000040                AHB_PreScaler
 .data.APB1_PreScaler
                0x0000000020000050        0x8 ./drivers/Src/stm32f103xx_i2c_driver.o
                0x0000000020000050                APB1_PreScaler
 *(.RamFunc)
 *(.RamFunc*)
                0x0000000020000058                . = ALIGN (0x4)
                0x0000000020000058                _edata = .

.igot.plt       0x0000000020000058        0x0 load address 0x0000000008000d18
 .igot.plt      0x0000000020000058        0x0 c:/st/stm32cubeide_1.12.1/stm32cubeide/plugins/com.st.stm32cube.ide.mcu.externaltools.gnu-tools-for-stm32.10.3-2021.10.win32_1.0.200.202301161003/tools/bin/../lib/gcc/arm-none-eabi/10.3.1/thumb/v7-m/nofp/crtbegin.o
                0x0000000020000058                . = ALIGN (0x4)

.bss            0x0000000020000058       0x28 load address 0x0000000008000d18
                0x0000000020000058                _sbss = .
                0x0000000020000058                __bss_start__ = _sbss
 *(.bss)
 .bss           0x0000000020000058       0x1c c:/st/stm32cubeide_1.12.1/stm32cubeide/plugins/com.st.stm32cube.ide.mcu.externaltools.gnu-tools-for-stm32.10.3-2021.10.win32_1.0.200.202301161003/tools/bin/../lib/gcc/arm-none-eabi/10.3.1/thumb/v7-m/nofp/crtbegin.o
 *(.bss*)
 .bss.I2C1Handle
                0x0000000020000074        0xc ./Src/010i2c_master_tx_testing.o
                0x0000000020000074                I2C1Handle
 *(COMMON)
                0x0000000020000080                . = ALIGN (0x4)
                0x0000000020000080                _ebss = .
                0x0000000020000080                __bss_end__ = _ebss

._user_heap_stack
                0x0000000020000080      0x600 load address 0x0000000008000d18
                0x0000000020000080                . = ALIGN (0x8)
                [!provide]                        PROVIDE (end = .)
                0x0000000020000080                PROVIDE (_end = .)
                0x0000000020000280                . = (. + _Min_Heap_Size)
 *fill*         0x0000000020000080      0x200 
                0x0000000020000680                . = (. + _Min_Stack_Size)
 *fill*         0x0000000020000280      0x400 
                0x0000000020000680                . = ALIGN (0x8)

/DISCARD/
 libc.a(*)
 libm.a(*)
 libgcc.a(*)

.ARM.attributes
                0x0000000000000000       0x29
 *(.ARM.attributes)
 .ARM.attributes
                0x0000000000000000       0x1d c:/st/stm32cubeide_1.12.1/stm32cubeide/plugins/com.st.stm32cube.ide.mcu.externaltools.gnu-tools-for-stm32.10.3-2021.10.win32_1.0.200.202301161003/tools/bin/../lib/gcc/arm-none-eabi/10.3.1/thumb/v7-m/nofp/crti.o
 .ARM.attributes
                0x000000000000001d       0x2d c:/st/stm32cubeide_1.12.1/stm32cubeide/plugins/com.st.stm32cube.ide.mcu.externaltools.gnu-tools-for-stm32.10.3-2021.10.win32_1.0.200.202301161003/tools/bin/../lib/gcc/arm-none-eabi/10.3.1/thumb/v7-m/nofp/crtbegin.o
 .ARM.attributes
                0x000000000000004a       0x2d ./Src/010i2c_master_tx_testing.o
 .ARM.attributes
                0x0000000000000077       0x21 ./Startup/startup_stm32f103c6tx.o
 .ARM.attributes
                0x0000000000000098       0x2d ./drivers/Src/stm32f103xx_gpio_driver.o
 .ARM.attributes
                0x00000000000000c5       0x2d ./drivers/Src/stm32f103xx_i2c_driver.o
 .ARM.attributes
                0x00000000000000f2       0x2d c:/st/stm32cubeide_1.12.1/stm32cubeide/plugins/com.st.stm32cube.ide.mcu.externaltools.gnu-tools-for-stm32.10.3-2021.10.win32_1.0.200.202301161003/tools/bin/../lib/gcc/arm-none-eabi/10.3.1/../../../../arm-none-eabi/lib/thumb/v7-m/nofp\libc_nano.a(lib_a-init.o)
 .ARM.attributes
                0x000000000000011f       0x1d c:/st/stm32cubeide_1.12.1/stm32cubeide/plugins/com.st.stm32cube.ide.mcu.externaltools.gnu-tools-for-stm32.10.3-2021.10.win32_1.0.200.202301161003/tools/bin/../lib/gcc/arm-none-eabi/10.3.1/thumb/v7-m/nofp/crtn.o
OUTPUT(stm32f1xx_drivers.elf elf32-littlearm)
LOAD linker stubs
LOAD c:/st/stm32cubeide_1.12.1/stm32cubeide/plugins/com.st.stm32cube.ide.mcu.externaltools.gnu-tools-for-stm32.10.3-2021.10.win32_1.0.200.202301161003/tools/bin/../lib/gcc/arm-none-eabi/10.3.1/../../../../arm-none-eabi/lib/thumb/v7-m/nofp\libc.a
LOAD c:/st/stm32cubeide_1.12.1/stm32cubeide/plugins/com.st.stm32cube.ide.mcu.externaltools.gnu-tools-for-stm32.10.3-2021.10.win32_1.0.200.202301161003/tools/bin/../lib/gcc/arm-none-eabi/10.3.1/../../../../arm-none-eabi/lib/thumb/v7-m/nofp\libm.a
LOAD c:/st/stm32cubeide_1.12.1/stm32cubeide/plugins/com.st.stm32cube.ide.mcu.externaltools.gnu-tools-for-stm32.10.3-2021.10.win32_1.0.200.202301161003/tools/bin/../lib/gcc/arm-none-eabi/10.3.1/thumb/v7-m/nofp\libgcc.a

.debug_info     0x0000000000000000     0x125e
 .debug_info    0x0000000000000000      0x4a9 ./Src/010i2c_master_tx_testing.o
 .debug_info    0x00000000000004a9       0x22 ./Startup/startup_stm32f103c6tx.o
 .debug_info    0x00000000000004cb      0x779 ./drivers/Src/stm32f103xx_gpio_driver.o
 .debug_info    0x0000000000000c44      0x61a ./drivers/Src/stm32f103xx_i2c_driver.o

.debug_abbrev   0x0000000000000000      0x5d4
 .debug_abbrev  0x0000000000000000      0x1af ./Src/010i2c_master_tx_testing.o
 .debug_abbrev  0x00000000000001af       0x12 ./Startup/startup_stm32f103c6tx.o
 .debug_abbrev  0x00000000000001c1      0x211 ./drivers/Src/stm32f103xx_gpio_driver.o
 .debug_abbrev  0x00000000000003d2      0x202 ./drivers/Src/stm32f103xx_i2c_driver.o

.debug_aranges  0x0000000000000000      0x150
 .debug_aranges
                0x0000000000000000       0x40 ./Src/010i2c_master_tx_testing.o
 .debug_aranges
                0x0000000000000040       0x28 ./Startup/startup_stm32f103c6tx.o
 .debug_aranges
                0x0000000000000068       0x68 ./drivers/Src/stm32f103xx_gpio_driver.o
 .debug_aranges
                0x00000000000000d0       0x80 ./drivers/Src/stm32f103xx_i2c_driver.o

.debug_ranges   0x0000000000000000      0x118
 .debug_ranges  0x0000000000000000       0x30 ./Src/010i2c_master_tx_testing.o
 .debug_ranges  0x0000000000000030       0x20 ./Startup/startup_stm32f103c6tx.o
 .debug_ranges  0x0000000000000050       0x58 ./drivers/Src/stm32f103xx_gpio_driver.o
 .debug_ranges  0x00000000000000a8       0x70 ./drivers/Src/stm32f103xx_i2c_driver.o

.debug_macro    0x0000000000000000     0x2850
 .debug_macro   0x0000000000000000      0x22e ./Src/010i2c_master_tx_testing.o
 .debug_macro   0x000000000000022e      0xa72 ./Src/010i2c_master_tx_testing.o
 .debug_macro   0x0000000000000ca0       0x22 ./Src/010i2c_master_tx_testing.o
 .debug_macro   0x0000000000000cc2       0x4c ./Src/010i2c_master_tx_testing.o
 .debug_macro   0x0000000000000d0e       0x18 ./Src/010i2c_master_tx_testing.o
 .debug_macro   0x0000000000000d26       0x94 ./Src/010i2c_master_tx_testing.o
 .debug_macro   0x0000000000000dba       0x3c ./Src/010i2c_master_tx_testing.o
 .debug_macro   0x0000000000000df6       0x34 ./Src/010i2c_master_tx_testing.o
 .debug_macro   0x0000000000000e2a       0x16 ./Src/010i2c_master_tx_testing.o
 .debug_macro   0x0000000000000e40       0x57 ./Src/010i2c_master_tx_testing.o
 .debug_macro   0x0000000000000e97       0x97 ./Src/010i2c_master_tx_testing.o
 .debug_macro   0x0000000000000f2e      0x341 ./Src/010i2c_master_tx_testing.o
 .debug_macro   0x000000000000126f       0xfd ./Src/010i2c_master_tx_testing.o
 .debug_macro   0x000000000000136c       0x10 ./Src/010i2c_master_tx_testing.o
 .debug_macro   0x000000000000137c       0x16 ./Src/010i2c_master_tx_testing.o
 .debug_macro   0x0000000000001392       0x43 ./Src/010i2c_master_tx_testing.o
 .debug_macro   0x00000000000013d5       0x34 ./Src/010i2c_master_tx_testing.o
 .debug_macro   0x0000000000001409       0x10 ./Src/010i2c_master_tx_testing.o
 .debug_macro   0x0000000000001419       0x58 ./Src/010i2c_master_tx_testing.o
 .debug_macro   0x0000000000001471       0x71 ./Src/010i2c_master_tx_testing.o
 .debug_macro   0x00000000000014e2       0x1c ./Src/010i2c_master_tx_testing.o
 .debug_macro   0x00000000000014fe      0x12a ./Src/010i2c_master_tx_testing.o
 .debug_macro   0x0000000000001628       0x10 ./Src/010i2c_master_tx_testing.o
 .debug_macro   0x0000000000001638       0x6a ./Src/010i2c_master_tx_testing.o
 .debug_macro   0x00000000000016a2       0x1c ./Src/010i2c_master_tx_testing.o
 .debug_macro   0x00000000000016be       0x52 ./Src/010i2c_master_tx_testing.o
 .debug_macro   0x0000000000001710       0x22 ./Src/010i2c_master_tx_testing.o
 .debug_macro   0x0000000000001732       0x10 ./Src/010i2c_master_tx_testing.o
 .debug_macro   0x0000000000001742       0x52 ./Src/010i2c_master_tx_testing.o
 .debug_macro   0x0000000000001794       0xd5 ./Src/010i2c_master_tx_testing.o
 .debug_macro   0x0000000000001869       0x1c ./Src/010i2c_master_tx_testing.o
 .debug_macro   0x0000000000001885       0x3d ./Src/010i2c_master_tx_testing.o
 .debug_macro   0x00000000000018c2       0x16 ./Src/010i2c_master_tx_testing.o
 .debug_macro   0x00000000000018d8      0x145 ./Src/010i2c_master_tx_testing.o
 .debug_macro   0x0000000000001a1d       0x16 ./Src/010i2c_master_tx_testing.o
 .debug_macro   0x0000000000001a33       0x35 ./Src/010i2c_master_tx_testing.o
 .debug_macro   0x0000000000001a68       0x20 ./Src/010i2c_master_tx_testing.o
 .debug_macro   0x0000000000001a88      0x103 ./Src/010i2c_master_tx_testing.o
 .debug_macro   0x0000000000001b8b      0x1df ./Src/010i2c_master_tx_testing.o
 .debug_macro   0x0000000000001d6a      0x72b ./Src/010i2c_master_tx_testing.o
 .debug_macro   0x0000000000002495       0xc4 ./Src/010i2c_master_tx_testing.o
 .debug_macro   0x0000000000002559       0x76 ./Src/010i2c_master_tx_testing.o
 .debug_macro   0x00000000000025cf       0x9e ./drivers/Src/stm32f103xx_gpio_driver.o
 .debug_macro   0x000000000000266d       0x8e ./drivers/Src/stm32f103xx_gpio_driver.o
 .debug_macro   0x00000000000026fb       0x51 ./drivers/Src/stm32f103xx_gpio_driver.o
 .debug_macro   0x000000000000274c       0x70 ./drivers/Src/stm32f103xx_gpio_driver.o
 .debug_macro   0x00000000000027bc       0x94 ./drivers/Src/stm32f103xx_i2c_driver.o

.debug_line     0x0000000000000000     0x1998
 .debug_line    0x0000000000000000      0x725 ./Src/010i2c_master_tx_testing.o
 .debug_line    0x0000000000000725       0x84 ./Startup/startup_stm32f103c6tx.o
 .debug_line    0x00000000000007a9      0xa64 ./drivers/Src/stm32f103xx_gpio_driver.o
 .debug_line    0x000000000000120d      0x78b ./drivers/Src/stm32f103xx_i2c_driver.o

.debug_str      0x0000000000000000     0xb1d1
 .debug_str     0x0000000000000000     0xab4b ./Src/010i2c_master_tx_testing.o
                                       0xad60 (size before relaxing)
 .debug_str     0x000000000000ab4b       0x31 ./Startup/startup_stm32f103c6tx.o
                                         0x7d (size before relaxing)
 .debug_str     0x000000000000ab7c      0x4e8 ./drivers/Src/stm32f103xx_gpio_driver.o
                                       0x6fce (size before relaxing)
 .debug_str     0x000000000000b064      0x16d ./drivers/Src/stm32f103xx_i2c_driver.o
                                       0x6d0a (size before relaxing)

.comment        0x0000000000000000       0x50
 .comment       0x0000000000000000       0x50 ./Src/010i2c_master_tx_testing.o
                                         0x51 (size before relaxing)
 .comment       0x0000000000000050       0x51 ./drivers/Src/stm32f103xx_gpio_driver.o
 .comment       0x0000000000000050       0x51 ./drivers/Src/stm32f103xx_i2c_driver.o

.debug_frame    0x0000000000000000      0x480
 .debug_frame   0x0000000000000000       0xbc ./Src/010i2c_master_tx_testing.o
 .debug_frame   0x00000000000000bc      0x198 ./drivers/Src/stm32f103xx_gpio_driver.o
 .debug_frame   0x0000000000000254      0x200 ./drivers/Src/stm32f103xx_i2c_driver.o
 .debug_frame   0x0000000000000454       0x2c c:/st/stm32cubeide_1.12.1/stm32cubeide/plugins/com.st.stm32cube.ide.mcu.externaltools.gnu-tools-for-stm32.10.3-2021.10.win32_1.0.200.202301161003/tools/bin/../lib/gcc/arm-none-eabi/10.3.1/../../../../arm-none-eabi/lib/thumb/v7-m/nofp\libc_nano.a(lib_a-init.o)
